✓ Found PSD file: sample_files/test-photoshop-doc.psd

======================================================================
PARSING PSD FILE
======================================================================

📄 Filename: test-photoshop-doc.psd
📐 Dimensions: 1200 x 1500 pixels
🎨 Total Layers: 6

======================================================================
LAYER STRUCTURE
======================================================================
🖼️  Background (image) 👁️  [1200x1500]
   ↳ Position: (0, 0) → (1200, 1500)
🔷 green_yellow_bg (smartobject) 👁️  [1210x1514]
   ↳ Position: (-5, -7) → (1205, 1507)
🔷 cutout (smartobject) 👁️  [652x1480]
   ↳ Position: (515, 20) → (1167, 1500)
📝 BEN FORMAN (text) 👁️  [244x38]
   ↳ Position: (72, 269) → (316, 307)
📝 ELOISE GRACE (text) 👁️  [262x39]
   ↳ Position: (73, 387) → (335, 426)
📝 EMMA LOUISE (text) 👁️  [254x39]
   ↳ Position: (74, 508) → (328, 547)

======================================================================
FULL JSON OUTPUT
======================================================================
{
  "filename": "test-photoshop-doc.psd",
  "width": 1200,
  "height": 1500,
  "layers": [
    {
      "name": "Background",
      "type": "image",
      "visible": true,
      "path": "Background",
      "bbox": {
        "left": 0,
        "top": 0,
        "right": 1200,
        "bottom": 1500
      },
      "width": 1200,
      "height": 1500
    },
    {
      "name": "green_yellow_bg",
      "type": "smartobject",
      "visible": true,
      "path": "green_yellow_bg",
      "bbox": {
        "left": -5,
        "top": -7,
        "right": 1205,
        "bottom": 1507
      },
      "width": 1210,
      "height": 1514
    },
    {
      "name": "cutout",
      "type": "smartobject",
      "visible": true,
      "path": "cutout",
      "bbox": {
        "left": 515,
        "top": 20,
        "right": 1167,
        "bottom": 1500
      },
      "width": 652,
      "height": 1480
    },
    {
      "name": "BEN FORMAN",
      "type": "text",
      "visible": true,
      "path": "BEN FORMAN",
      "bbox": {
        "left": 72,
        "top": 269,
        "right": 316,
        "bottom": 307
      },
      "width": 244,
      "height": 38
    },
    {
      "name": "ELOISE GRACE",
      "type": "text",
      "visible": true,
      "path": "ELOISE GRACE",
      "bbox": {
        "left": 73,
        "top": 387,
        "right": 335,
        "bottom": 426
      },
      "width": 262,
      "height": 39
    },
    {
      "name": "EMMA LOUISE",
      "type": "text",
      "visible": true,
      "path": "EMMA LOUISE",
      "bbox": {
        "left": 74,
        "top": 508,
        "right": 328,
        "bottom": 547
      },
      "width": 254,
      "height": 39
    }
  ]
}

======================================================================
VERIFICATION
======================================================================
✓ Has 'filename' key
✓ Has 'width' key
✓ Has 'height' key
✓ Has 'layers' key
✓ Layers is a list
✓ Width is positive
✓ Height is positive

🎉 ALL CHECKS PASSED!
